// Jest Snapshot v1, https://goo.gl/fbAQLP

exports[`ArticleList renders correctly 1`] = `
<div
  className=""
>
  <div
    style={
      {
        "borderBottomColor": " #aaa",
        "borderBottomSize": 1,
        "borderBottomStyle": "solid",
        "marginBottom": 10,
        "paddingBottom": 10,
      }
    }
  >
    <h3
      style={
        {
          "fontWeight": "bold",
        }
      }
    />
    <h4
      style={
        {
          "colo": "#888",
          "fontSize": "0.85rem",
        }
      }
    >
      Invalid Date
    </h4>
    <div
      style={
        {
          "paddingBottom": 10,
          "paddingTop": 10,
        }
      }
    >
      <a
        href="https://twitter.com/acdlite"
      >
        <h4>
          Andrew
           - 
          Clark
        </h4>
      </a>
    </div>
    <p
      style={
        {
          "paddingLeft": 20,
        }
      }
    />
  </div>
  <div
    style={
      {
        "borderBottomColor": " #aaa",
        "borderBottomSize": 1,
        "borderBottomStyle": "solid",
        "marginBottom": 10,
        "paddingBottom": 10,
      }
    }
  >
    <h3
      style={
        {
          "fontWeight": "bold",
        }
      }
    />
    <h4
      style={
        {
          "colo": "#888",
          "fontSize": "0.85rem",
        }
      }
    >
      Invalid Date
    </h4>
    <div
      style={
        {
          "paddingBottom": 10,
          "paddingTop": 10,
        }
      }
    >
      <a
        href="https://twitter.com/acdlite"
      >
        <h4>
          Andrew
           - 
          Clark
        </h4>
      </a>
    </div>
    <p
      style={
        {
          "paddingLeft": 20,
        }
      }
    />
  </div>
</div>
`;
